[17apr2026 13:55:20.326] [main/INFO] [cpw.mods.modlauncher.Launcher/MODLAUNCHER]: ModLauncher running: args [--mod, oceansdelight, --all, --output, C:\Users\Veenstra\Desktop\Oceans Delight - NeoForge - 1.21\src\generated\resources, --existing, C:\Users\Veenstra\Desktop\Oceans Delight - NeoForge - 1.21\src\main\resources, --launchTarget, forgedatadev, --assetIndex, asset-index, --assetsDir, C:\Users\Veenstra\.gradle\caches\minecraft\assets, --gameDir, ., --fml.fmlVersion, 4.0.42, --fml.mcVersion, 1.21.1, --fml.neoForgeVersion, 21.1.219, --fml.neoFormVersion, 20240808.144430]
[17apr2026 13:55:20.387] [main/INFO] [cpw.mods.modlauncher.Launcher/MODLAUNCHER]: JVM identified as Amazon.com Inc. OpenJDK 64-Bit Server VM 21.0.3+9-LTS
[17apr2026 13:55:20.391] [main/INFO] [cpw.mods.modlauncher.Launcher/MODLAUNCHER]: ModLauncher 11.0.5+main.901c6ea8 starting: java version 21.0.3 by Amazon.com Inc.; OS Windows 10 arch amd64 version 10.0
[17apr2026 13:55:20.458] [main/WARN] [net.neoforged.fml.loading.FMLConfig/CORE]: Configuration file C:\Users\Veenstra\Desktop\Oceans Delight - NeoForge - 1.21\runs\data\config\fml.toml is not correct. Correcting
[17apr2026 13:55:20.490] [main/INFO] [net.neoforged.fml.loading.ImmediateWindowHandler/]: ImmediateWindowProvider not loading because launch target is forgedatadev
[17apr2026 13:55:20.536] [main/INFO] [mixin/]: SpongePowered MIXIN Subsystem Version=0.8.7 Source=union:/C:/Users/Veenstra/.gradle/caches/modules-2/files-2.1/net.fabricmc/sponge-mixin/0.15.2+mixin.0.8.7/2af2f021d8e02a0220dc27a7a72b4666d66d44ca/sponge-mixin-0.15.2+mixin.0.8.7.jar%23142!/ Service=ModLauncher Env=CLIENT
[17apr2026 13:55:20.545] [main/WARN] [net.neoforged.fml.loading.FMLConfig/CORE]: Configuration file C:\Users\Veenstra\Desktop\Oceans Delight - NeoForge - 1.21\runs\data\config\fml.toml is not correct. Correcting
[17apr2026 13:55:20.630] [main/INFO] [net.neoforged.fml.loading.moddiscovery.ModDiscoverer/SCAN]: Found mod file "neoforge-21.1.219.jar" [locator: neoforge devenv provider ([C:\Users\Veenstra\Desktop\Oceans Delight - NeoForge - 1.21\.gradle\repositories\ng_dummy_ng\net\neoforged\neoforge\21.1.219\neoforge-21.1.219.jar])]
[17apr2026 13:55:20.649] [main/INFO] [net.neoforged.fml.loading.moddiscovery.ModDiscoverer/SCAN]: Found mod file "neoforge-21.1.219.jar" [locator: neoforge devenv provider ([C:\Users\Veenstra\Desktop\Oceans Delight - NeoForge - 1.21\.gradle\repositories\ng_dummy_ng\net\neoforged\neoforge\21.1.219\neoforge-21.1.219.jar])]
[17apr2026 13:55:20.660] [main/INFO] [net.neoforged.fml.loading.moddiscovery.ModDiscoverer/SCAN]: Found mod file "main" [locator: userdev mods and services, reader: mod manifest]
[17apr2026 13:55:20.669] [main/INFO] [net.neoforged.fml.loading.moddiscovery.ModDiscoverer/SCAN]: Found mod file "neoforge-21.1.219.jar" [locator: userdev mods and services, reader: mod manifest]
[17apr2026 13:55:20.674] [main/INFO] [net.neoforged.fml.loading.moddiscovery.ModDiscoverer/SCAN]: Found mod file "farmersdelight-398521-7801529.jar" [locator: userdev mods and services, reader: mod manifest]
[17apr2026 13:55:20.679] [main/INFO] [net.neoforged.fml.loading.moddiscovery.ModDiscoverer/SCAN]: Found mod file "jei-1.21-neoforge-19.8.2.99.jar" [locator: userdev mods and services, reader: mod manifest]
[17apr2026 13:55:20.740] [main/INFO] [net.neoforged.fml.loading.moddiscovery.ModDiscoverer/SCAN]: Found gamelibrary file "mixinextras-neoforge-0.5.0.jar" [locator: userdev mods and services, reader: mod manifest]
[17apr2026 13:55:20.853] [main/WARN] [net.neoforged.jarjar.selection.JarSelector/]: Attempted to select a dependency jar for JarJar which was passed in as source: library:mixinextras.neoforge. Using Mod File: C:\Users\Veenstra\.gradle\caches\modules-2\files-2.1\io.github.llamalad7\mixinextras-neoforge\0.5.0\d734b83ce6542bb70ea31755c1595b88992dbe65\mixinextras-neoforge-0.5.0.jar
[17apr2026 13:55:20.853] [main/INFO] [net.neoforged.fml.loading.moddiscovery.locators.JarInJarDependencyLocator/]: Found 1 dependencies adding them to mods collection
[17apr2026 13:55:20.853] [main/INFO] [net.neoforged.fml.loading.moddiscovery.ModDiscoverer/SCAN]: Found library file "net.neoforged.neoforge-coremods-21.1.219.jar" [parent: neoforge-21.1.219.jar, locator: jarinjar, reader: mod manifest]
[17apr2026 13:55:20.854] [main/INFO] [net.neoforged.fml.loading.moddiscovery.ModDiscoverer/]: 
     Mod List:
		Name Version (Mod Id)

		Farmer's Delight 1.2.11 (farmersdelight)
		Just Enough Items 19.8.2.99 (jei)
		Minecraft 1.21.1 (minecraft)
		NeoForge 21.1.219 (neoforge)
		Ocean's Delight 1.0.3 (oceansdelight)
[17apr2026 13:55:21.451] [main/INFO] [mixin/]: Compatibility level set to JAVA_21
[17apr2026 13:55:21.458] [main/INFO] [cpw.mods.modlauncher.LaunchServiceHandler/MODLAUNCHER]: Launching target 'forgedatadev' with arguments [--gameDir, ., --assetsDir, C:\Users\Veenstra\.gradle\caches\minecraft\assets, --mod, oceansdelight, --all, --output, C:\Users\Veenstra\Desktop\Oceans Delight - NeoForge - 1.21\src\generated\resources, --existing, C:\Users\Veenstra\Desktop\Oceans Delight - NeoForge - 1.21\src\main\resources, --assetIndex, asset-index]
[17apr2026 13:55:21.873] [main/INFO] [net.neoforged.neoforge.data.loading.DatagenModLoader/]: Initializing Data Gatherer for mods [oceansdelight]
[17apr2026 13:55:21.883] [main/INFO] [MixinExtras|Service/]: Initializing MixinExtras via com.llamalad7.mixinextras.service.MixinExtrasServiceImpl(version=0.5.0).
[17apr2026 13:55:25.769] [modloading-worker-0/INFO] [net.neoforged.neoforge.common.NeoForgeMod/NEOFORGE-MOD]: NeoForge mod loading, version 21.1.219, for MC 1.21.1
[17apr2026 13:55:25.937] [modloading-worker-0/ERROR] [mezz.jei.common.config.file.ConfigSerializer/]: 'CenterSearch' is not a valid config key for config category 'advanced'.
Valid keys: [LowMemorySlowSearchEnabled, CatchRenderErrorsEnabled, lookupFluidContentsEnabled, lookupBlockTagsEnabled]
Skipping this key.
Config file: C:\Users\Veenstra\Desktop\Oceans Delight - NeoForge - 1.21\runs\data\config\jei\jei-client.ini
Line #5: "	CenterSearch = false"
[17apr2026 13:55:25.938] [modloading-worker-0/ERROR] [mezz.jei.common.config.file.ConfigSerializer/]: 'CheatToHotbarUsingHotkeysEnabled' is not a valid config key for config category 'advanced'.
Valid keys: [LowMemorySlowSearchEnabled, CatchRenderErrorsEnabled, lookupFluidContentsEnabled, lookupBlockTagsEnabled]
Skipping this key.
Config file: C:\Users\Veenstra\Desktop\Oceans Delight - NeoForge - 1.21\runs\data\config\jei\jei-client.ini
Line #20: "	CheatToHotbarUsingHotkeysEnabled = false"
[17apr2026 13:55:25.938] [modloading-worker-0/ERROR] [mezz.jei.common.config.file.ConfigSerializer/]: 'AddBookmarksToFrontEnabled' is not a valid config key for config category 'advanced'.
Valid keys: [LowMemorySlowSearchEnabled, CatchRenderErrorsEnabled, lookupFluidContentsEnabled, lookupBlockTagsEnabled]
Skipping this key.
Config file: C:\Users\Veenstra\Desktop\Oceans Delight - NeoForge - 1.21\runs\data\config\jei\jei-client.ini
Line #25: "	AddBookmarksToFrontEnabled = false"
[17apr2026 13:55:25.938] [modloading-worker-0/ERROR] [mezz.jei.common.config.file.ConfigSerializer/]: 'GiveMode' is not a valid config key for config category 'advanced'.
Valid keys: [LowMemorySlowSearchEnabled, CatchRenderErrorsEnabled, lookupFluidContentsEnabled, lookupBlockTagsEnabled]
Skipping this key.
Config file: C:\Users\Veenstra\Desktop\Oceans Delight - NeoForge - 1.21\runs\data\config\jei\jei-client.ini
Line #40: "	GiveMode = MOUSE_PICKUP"
[17apr2026 13:55:25.938] [modloading-worker-0/ERROR] [mezz.jei.common.config.file.ConfigSerializer/]: 'RecipeGuiHeight' is not a valid config key for config category 'advanced'.
Valid keys: [LowMemorySlowSearchEnabled, CatchRenderErrorsEnabled, lookupFluidContentsEnabled, lookupBlockTagsEnabled]
Skipping this key.
Config file: C:\Users\Veenstra\Desktop\Oceans Delight - NeoForge - 1.21\runs\data\config\jei\jei-client.ini
Line #45: "	RecipeGuiHeight = 350"
[17apr2026 13:55:25.938] [modloading-worker-0/ERROR] [mezz.jei.common.config.file.ConfigSerializer/]: '[bookmark_tooltips]' is not a valid category name.
Valid names are: [appearance, cheat_mode, bookmarks, advanced, input, sorting, tags, search, IngredientList, BookmarkList]
Skipping all values until the first valid category is declared.
Config file: C:\Users\Veenstra\Desktop\Oceans Delight - NeoForge - 1.21\runs\data\config\jei\jei-client.ini
Line #48: "[bookmark_tooltips]"
[17apr2026 13:55:25.938] [modloading-worker-0/ERROR] [mezz.jei.common.config.file.ConfigSerializer/]: Expected a '[category]' here.
Configs must start with a category before defining values.
Skipping all lines until the first valid category is declared.
Config file: C:\Users\Veenstra\Desktop\Oceans Delight - NeoForge - 1.21\runs\data\config\jei\jei-client.ini
Line #53: "	BookmarkTooltipFeatures = PREVIEW"
[17apr2026 13:55:25.938] [modloading-worker-0/ERROR] [mezz.jei.common.config.file.ConfigSerializer/]: Expected a '[category]' here.
Configs must start with a category before defining values.
Skipping all lines until the first valid category is declared.
Config file: C:\Users\Veenstra\Desktop\Oceans Delight - NeoForge - 1.21\runs\data\config\jei\jei-client.ini
Line #58: "	HoldShiftToShowBookmarkTooltipFeatures = true"
[17apr2026 13:55:25.944] [modloading-worker-0/INFO] [mezz.jei.library.load.PluginCaller/]: Sending ConfigManager...
[17apr2026 13:55:25.947] [modloading-worker-0/INFO] [mezz.jei.library.load.PluginCaller/]: Sending ConfigManager took 2.251 ms
[17apr2026 13:55:26.227] [main/WARN] [net.minecraft.server.packs.VanillaPackResourcesBuilder/]: Assets URL 'union:/C:/Users/Veenstra/Desktop/Oceans%20Delight%20-%20NeoForge%20-%201.21/.gradle/repositories/ng_dummy_ng/net/neoforged/neoforge/21.1.219/neoforge-21.1.219.jar%23195!/assets/.mcassetsroot' uses unexpected schema
[17apr2026 13:55:26.228] [main/WARN] [net.minecraft.server.packs.VanillaPackResourcesBuilder/]: Assets URL 'union:/C:/Users/Veenstra/Desktop/Oceans%20Delight%20-%20NeoForge%20-%201.21/.gradle/repositories/ng_dummy_ng/net/neoforged/neoforge/21.1.219/neoforge-21.1.219.jar%23195!/data/.mcassetsroot' uses unexpected schema
[17apr2026 13:55:26.409] [main/INFO] [net.minecraft.data.DataGenerator/]: Starting provider: Ocean's Delight Tags
[17apr2026 13:55:26.449] [main/INFO] [net.minecraft.data.DataGenerator/]: Ocean's Delight Tags finished after 39 ms
[17apr2026 13:55:26.450] [main/INFO] [net.minecraft.data.DataGenerator/]: Starting provider: Block States: oceansdelight
[17apr2026 13:55:26.462] [main/INFO] [net.minecraft.data.DataGenerator/]: Block States: oceansdelight finished after 12 ms
[17apr2026 13:55:26.463] [main/INFO] [net.minecraft.data.DataGenerator/]: Starting provider: Ocean's Delight Languages: en_us
[17apr2026 13:55:26.465] [main/INFO] [net.minecraft.data.DataGenerator/]: Ocean's Delight Languages: en_us finished after 2 ms
[17apr2026 13:55:26.465] [main/INFO] [net.minecraft.data.DataGenerator/]: Starting provider: Recipes
[17apr2026 13:55:26.511] [main/INFO] [net.minecraft.data.DataGenerator/]: Recipes finished after 45 ms
[17apr2026 13:55:26.511] [main/INFO] [net.minecraft.data.DataGenerator/]: Starting provider: Item Models: oceansdelight
[17apr2026 13:55:26.533] [main/INFO] [net.minecraft.data.DataGenerator/]: Item Models: oceansdelight finished after 21 ms
[17apr2026 13:55:26.533] [main/INFO] [net.minecraft.data.DataGenerator/]: All providers took: 123 ms
[17apr2026 13:55:26.543] [main/INFO] [net.minecraft.data.HashCache/]: Caching: total files: 86, old count: 73, new count: 87, removed stale: 0, written: 15
