[17apr2026 14:06:19.382] [main/INFO] [cpw.mods.modlauncher.Launcher/MODLAUNCHER]: ModLauncher running: args [--launchTarget, forgeclientdev, --version, 21.1.219, --assetIndex, asset-index, --assetsDir, C:\Users\Veenstra\.gradle\caches\minecraft\assets, --gameDir, ., --fml.fmlVersion, 4.0.42, --fml.mcVersion, 1.21.1, --fml.neoForgeVersion, 21.1.219, --fml.neoFormVersion, 20240808.144430]
[17apr2026 14:06:19.384] [main/INFO] [cpw.mods.modlauncher.Launcher/MODLAUNCHER]: JVM identified as Amazon.com Inc. OpenJDK 64-Bit Server VM 21.0.3+9-LTS
[17apr2026 14:06:19.385] [main/INFO] [cpw.mods.modlauncher.Launcher/MODLAUNCHER]: ModLauncher 11.0.5+main.901c6ea8 starting: java version 21.0.3 by Amazon.com Inc.; OS Windows 10 arch amd64 version 10.0
[17apr2026 14:06:19.452] [main/WARN] [net.neoforged.fml.loading.FMLConfig/CORE]: Configuration file C:\Users\Veenstra\Desktop\Oceans Delight - NeoForge - 1.21\runs\client\config\fml.toml is not correct. Correcting
[17apr2026 14:06:19.477] [main/INFO] [net.neoforged.fml.loading.ImmediateWindowHandler/]: Loading ImmediateWindowProvider fmlearlywindow
[17apr2026 14:06:19.571] [main/INFO] [EARLYDISPLAY/]: Trying GL version 4.6
[17apr2026 14:06:19.728] [main/INFO] [EARLYDISPLAY/]: Requested GL version 4.6 got version 4.6
[17apr2026 14:06:19.823] [main/INFO] [mixin/]: SpongePowered MIXIN Subsystem Version=0.8.7 Source=union:/C:/Users/Veenstra/.gradle/caches/modules-2/files-2.1/net.fabricmc/sponge-mixin/0.15.2+mixin.0.8.7/2af2f021d8e02a0220dc27a7a72b4666d66d44ca/sponge-mixin-0.15.2+mixin.0.8.7.jar%23142!/ Service=ModLauncher Env=CLIENT
[17apr2026 14:06:19.832] [main/WARN] [net.neoforged.fml.loading.FMLConfig/CORE]: Configuration file C:\Users\Veenstra\Desktop\Oceans Delight - NeoForge - 1.21\runs\client\config\fml.toml is not correct. Correcting
[17apr2026 14:06:19.946] [main/INFO] [net.neoforged.fml.loading.moddiscovery.ModDiscoverer/SCAN]: Found mod file "neoforge-21.1.219.jar" [locator: neoforge devenv provider ([C:\Users\Veenstra\Desktop\Oceans Delight - NeoForge - 1.21\.gradle\repositories\ng_dummy_ng\net\neoforged\neoforge\21.1.219\neoforge-21.1.219.jar])]
[17apr2026 14:06:19.965] [main/INFO] [net.neoforged.fml.loading.moddiscovery.ModDiscoverer/SCAN]: Found mod file "neoforge-21.1.219.jar" [locator: neoforge devenv provider ([C:\Users\Veenstra\Desktop\Oceans Delight - NeoForge - 1.21\.gradle\repositories\ng_dummy_ng\net\neoforged\neoforge\21.1.219\neoforge-21.1.219.jar])]
[17apr2026 14:06:19.989] [main/INFO] [net.neoforged.fml.loading.moddiscovery.ModDiscoverer/SCAN]: Found mod file "main" [locator: userdev mods and services, reader: mod manifest]
[17apr2026 14:06:19.998] [main/INFO] [net.neoforged.fml.loading.moddiscovery.ModDiscoverer/SCAN]: Found mod file "neoforge-21.1.219.jar" [locator: userdev mods and services, reader: mod manifest]
[17apr2026 14:06:20.002] [main/INFO] [net.neoforged.fml.loading.moddiscovery.ModDiscoverer/SCAN]: Found mod file "farmersdelight-398521-7801529.jar" [locator: userdev mods and services, reader: mod manifest]
[17apr2026 14:06:20.007] [main/INFO] [net.neoforged.fml.loading.moddiscovery.ModDiscoverer/SCAN]: Found mod file "jei-1.21-neoforge-19.8.2.99.jar" [locator: userdev mods and services, reader: mod manifest]
[17apr2026 14:06:20.031] [pool-2-thread-1/INFO] [EARLYDISPLAY/]: GL info: NVIDIA GeForce RTX 2070/PCIe/SSE2 GL version 4.6.0 NVIDIA 560.94, NVIDIA Corporation
[17apr2026 14:06:20.070] [main/INFO] [net.neoforged.fml.loading.moddiscovery.ModDiscoverer/SCAN]: Found gamelibrary file "mixinextras-neoforge-0.5.0.jar" [locator: userdev mods and services, reader: mod manifest]
[17apr2026 14:06:20.179] [main/WARN] [net.neoforged.jarjar.selection.JarSelector/]: Attempted to select a dependency jar for JarJar which was passed in as source: library:mixinextras.neoforge. Using Mod File: C:\Users\Veenstra\.gradle\caches\modules-2\files-2.1\io.github.llamalad7\mixinextras-neoforge\0.5.0\d734b83ce6542bb70ea31755c1595b88992dbe65\mixinextras-neoforge-0.5.0.jar
[17apr2026 14:06:20.180] [main/INFO] [net.neoforged.fml.loading.moddiscovery.locators.JarInJarDependencyLocator/]: Found 1 dependencies adding them to mods collection
[17apr2026 14:06:20.180] [main/INFO] [net.neoforged.fml.loading.moddiscovery.ModDiscoverer/SCAN]: Found library file "net.neoforged.neoforge-coremods-21.1.219.jar" [parent: neoforge-21.1.219.jar, locator: jarinjar, reader: mod manifest]
[17apr2026 14:06:20.183] [main/INFO] [net.neoforged.fml.loading.moddiscovery.ModDiscoverer/]: 
     Mod List:
		Name Version (Mod Id)

		Farmer's Delight 1.2.11 (farmersdelight)
		Just Enough Items 19.8.2.99 (jei)
		Minecraft 1.21.1 (minecraft)
		NeoForge 21.1.219 (neoforge)
		Ocean's Delight 1.0.4 (oceansdelight)
[17apr2026 14:06:20.770] [main/INFO] [mixin/]: Compatibility level set to JAVA_21
[17apr2026 14:06:20.779] [main/INFO] [cpw.mods.modlauncher.LaunchServiceHandler/MODLAUNCHER]: Launching target 'forgeclientdev' with arguments [--version, 21.1.219, --gameDir, ., --assetsDir, C:\Users\Veenstra\.gradle\caches\minecraft\assets, --assetIndex, asset-index]
[17apr2026 14:06:22.069] [Datafixer Bootstrap/INFO] [com.mojang.datafixers.DataFixerBuilder/]: 229 Datafixer optimizations took 339 milliseconds
[17apr2026 14:06:22.165] [pool-9-thread-1/INFO] [MixinExtras|Service/]: Initializing MixinExtras via com.llamalad7.mixinextras.service.MixinExtrasServiceImpl(version=0.5.0).
[17apr2026 14:06:26.604] [main/WARN] [net.minecraft.commands.Commands/]: Ambiguity between arguments [teleport, location] and [teleport, destination] with inputs: [0.1 -0.5 .9, 0 0 0]
[17apr2026 14:06:26.605] [main/WARN] [net.minecraft.commands.Commands/]: Ambiguity between arguments [teleport, location] and [teleport, targets] with inputs: [0.1 -0.5 .9, 0 0 0]
[17apr2026 14:06:26.607] [main/WARN] [net.minecraft.commands.Commands/]: Ambiguity between arguments [teleport, destination] and [teleport, targets] with inputs: [Player, 0123, @e, dd12be42-52a9-4a91-a8a1-11c01849e498]
[17apr2026 14:06:26.608] [main/WARN] [net.minecraft.commands.Commands/]: Ambiguity between arguments [teleport, targets] and [teleport, destination] with inputs: [Player, 0123, dd12be42-52a9-4a91-a8a1-11c01849e498]
[17apr2026 14:06:26.609] [main/WARN] [net.minecraft.commands.Commands/]: Ambiguity between arguments [teleport, targets, location] and [teleport, targets, destination] with inputs: [0.1 -0.5 .9, 0 0 0]
[17apr2026 14:06:26.738] [Render thread/WARN] [net.minecraft.server.packs.VanillaPackResourcesBuilder/]: Assets URL 'union:/C:/Users/Veenstra/Desktop/Oceans%20Delight%20-%20NeoForge%20-%201.21/.gradle/repositories/ng_dummy_ng/net/neoforged/neoforge/21.1.219/neoforge-21.1.219.jar%23195!/assets/.mcassetsroot' uses unexpected schema
[17apr2026 14:06:26.738] [Render thread/WARN] [net.minecraft.server.packs.VanillaPackResourcesBuilder/]: Assets URL 'union:/C:/Users/Veenstra/Desktop/Oceans%20Delight%20-%20NeoForge%20-%201.21/.gradle/repositories/ng_dummy_ng/net/neoforged/neoforge/21.1.219/neoforge-21.1.219.jar%23195!/data/.mcassetsroot' uses unexpected schema
[17apr2026 14:06:26.758] [Render thread/INFO] [com.mojang.authlib.yggdrasil.YggdrasilAuthenticationService/]: Environment: Environment[sessionHost=https://sessionserver.mojang.com, servicesHost=https://api.minecraftservices.com, name=PROD]
[17apr2026 14:06:26.766] [Render thread/INFO] [net.minecraft.client.Minecraft/]: Setting user: Dev
[17apr2026 14:06:26.838] [Render thread/INFO] [net.minecraft.client.Minecraft/]: Backend library: LWJGL version 3.3.3+5
[17apr2026 14:06:27.047] [modloading-worker-0/INFO] [net.neoforged.neoforge.common.NeoForgeMod/NEOFORGE-MOD]: NeoForge mod loading, version 21.1.219, for MC 1.21.1
[17apr2026 14:06:27.205] [modloading-worker-0/INFO] [mezz.jei.library.load.PluginCaller/]: Sending ConfigManager...
[17apr2026 14:06:27.208] [modloading-worker-0/INFO] [mezz.jei.library.load.PluginCaller/]: Sending ConfigManager took 1.932 ms
[17apr2026 14:06:27.796] [Render thread/INFO] [net.neoforged.neoforge.gametest.GameTestHooks/]: Enabled Gametest Namespaces: []
[17apr2026 14:06:28.050] [Render thread/INFO] [net.minecraft.server.packs.resources.ReloadableResourceManager/]: Reloading ResourceManager: vanilla, mod_resources, mod/farmersdelight, mod/oceansdelight, mod/neoforge, mod/jei
[17apr2026 14:06:28.145] [Worker-Main-7/INFO] [net.minecraft.client.gui.font.providers.UnihexProvider/]: Found unifont_all_no_pua-15.1.05.hex, loading
[17apr2026 14:06:28.444] [Worker-Main-7/INFO] [net.minecraft.client.gui.font.providers.UnihexProvider/]: Found unifont_jp_patch-15.1.05.hex, loading
[17apr2026 14:06:29.563] [Render thread/WARN] [net.minecraft.client.sounds.SoundEngine/]: Missing sound for event: minecraft:item.goat_horn.play
[17apr2026 14:06:29.564] [Render thread/WARN] [net.minecraft.client.sounds.SoundEngine/]: Missing sound for event: minecraft:entity.goat.screaming.horn_break
[17apr2026 14:06:29.933] [Render thread/INFO] [com.mojang.blaze3d.audio.Library/]: OpenAL initialized on device OpenAL Soft on Hoofdtelefoon (MOMENTUM 4 Stereo)
[17apr2026 14:06:29.933] [Render thread/INFO] [net.minecraft.client.sounds.SoundEngine/SOUNDS]: Sound engine started
[17apr2026 14:06:30.028] [Render thread/INFO] [net.minecraft.client.renderer.texture.TextureAtlas/]: Created: 1024x1024x4 minecraft:textures/atlas/blocks.png-atlas
[17apr2026 14:06:30.035] [Render thread/INFO] [net.minecraft.client.renderer.texture.TextureAtlas/]: Created: 512x256x4 minecraft:textures/atlas/signs.png-atlas
[17apr2026 14:06:30.036] [Render thread/INFO] [net.minecraft.client.renderer.texture.TextureAtlas/]: Created: 512x512x4 minecraft:textures/atlas/shield_patterns.png-atlas
[17apr2026 14:06:30.036] [Render thread/INFO] [net.minecraft.client.renderer.texture.TextureAtlas/]: Created: 512x512x4 minecraft:textures/atlas/banner_patterns.png-atlas
[17apr2026 14:06:30.036] [Render thread/INFO] [net.minecraft.client.renderer.texture.TextureAtlas/]: Created: 1024x1024x4 minecraft:textures/atlas/armor_trims.png-atlas
[17apr2026 14:06:30.039] [Render thread/INFO] [net.minecraft.client.renderer.texture.TextureAtlas/]: Created: 256x256x4 minecraft:textures/atlas/chest.png-atlas
[17apr2026 14:06:30.039] [Render thread/INFO] [net.minecraft.client.renderer.texture.TextureAtlas/]: Created: 128x64x4 minecraft:textures/atlas/decorated_pot.png-atlas
[17apr2026 14:06:30.039] [Render thread/INFO] [net.minecraft.client.renderer.texture.TextureAtlas/]: Created: 512x256x4 minecraft:textures/atlas/shulker_boxes.png-atlas
[17apr2026 14:06:30.039] [Render thread/INFO] [net.minecraft.client.renderer.texture.TextureAtlas/]: Created: 512x256x4 minecraft:textures/atlas/beds.png-atlas
[17apr2026 14:06:30.098] [Render thread/INFO] [net.minecraft.client.renderer.texture.TextureAtlas/]: Created: 512x256x0 minecraft:textures/atlas/particles.png-atlas
[17apr2026 14:06:30.099] [Render thread/INFO] [net.minecraft.client.renderer.texture.TextureAtlas/]: Created: 512x256x0 minecraft:textures/atlas/paintings.png-atlas
[17apr2026 14:06:30.099] [Render thread/INFO] [net.minecraft.client.renderer.texture.TextureAtlas/]: Created: 256x128x0 minecraft:textures/atlas/mob_effects.png-atlas
[17apr2026 14:06:30.100] [Render thread/INFO] [net.minecraft.client.renderer.texture.TextureAtlas/]: Created: 64x64x0 minecraft:textures/atlas/map_decorations.png-atlas
[17apr2026 14:06:30.100] [Render thread/INFO] [net.minecraft.client.renderer.texture.TextureAtlas/]: Created: 1024x512x0 minecraft:textures/atlas/gui.png-atlas
[17apr2026 14:06:30.118] [Render thread/WARN] [net.minecraft.client.renderer.ShaderInstance/]: Shader rendertype_entity_translucent_emissive could not find sampler named Sampler2 in the specified shader program.
[17apr2026 14:06:30.155] [Render thread/INFO] [net.neoforged.neoforge.client.entity.animation.json.AnimationLoader/]: Loaded 0 entity animations
[17apr2026 14:06:30.155] [Render thread/INFO] [net.minecraft.client.renderer.texture.TextureAtlas/]: Created: 256x256x0 jei:textures/atlas/gui.png-atlas
[17apr2026 14:23:48.621] [Render thread/WARN] [net.neoforged.neoforge.common.CommonHooks/WP]: The following mods have version differences that were not resolved:
oceansdelight (version 1.0.3 -> 1.0.4)
Things may not work well.
[17apr2026 14:23:49.325] [Render thread/INFO] [net.minecraft.world.item.crafting.RecipeManager/]: Loaded 1638 recipes
[17apr2026 14:23:49.467] [Render thread/INFO] [net.minecraft.advancements.AdvancementTree/]: Loaded 1635 advancements
[17apr2026 14:23:49.817] [Render thread/INFO] [mezz.jei.neoforge.startup.StartEventObserver/]: JEI StartEventObserver received class net.neoforged.neoforge.event.TagsUpdatedEvent too early, ignoring
[17apr2026 14:23:49.905] [Server thread/INFO] [net.minecraft.client.server.IntegratedServer/]: Starting integrated minecraft server version 1.21.1
[17apr2026 14:23:49.906] [Server thread/INFO] [net.minecraft.server.MinecraftServer/]: Generating keypair
[17apr2026 14:23:50.963] [Server thread/INFO] [net.minecraft.server.MinecraftServer/]: Preparing start region for dimension minecraft:overworld
[17apr2026 14:23:51.158] [progressListener/INFO] [net.minecraft.server.level.progress.LoggerChunkProgressListener/]: Preparing spawn area: 0%
[17apr2026 14:23:51.201] [Server thread/INFO] [net.neoforged.neoforge.server.permission.PermissionAPI/]: Successfully initialized permission handler neoforge:default_handler
[17apr2026 14:23:51.215] [progressListener/INFO] [net.minecraft.server.level.progress.LoggerChunkProgressListener/]: Time elapsed: 236 ms
[17apr2026 14:23:51.259] [Server thread/INFO] [net.minecraft.client.server.IntegratedServer/]: Changing view distance to 12, from 10
[17apr2026 14:23:51.259] [Server thread/INFO] [net.minecraft.client.server.IntegratedServer/]: Changing simulation distance to 12, from 0
[17apr2026 14:23:51.641] [Render thread/INFO] [mezz.jei.neoforge.startup.StartEventObserver/]: JEI StartEventObserver received class net.neoforged.neoforge.event.TagsUpdatedEvent
[17apr2026 14:23:51.801] [Server thread/INFO] [net.minecraft.server.players.PlayerList/]: Dev[local:E:21141231] logged in with entity id 51 at (-14.946946805419486, 115.00063554902955, -40.1242596550105)
[17apr2026 14:23:51.841] [Server thread/INFO] [net.minecraft.server.MinecraftServer/]: Dev joined the game
[17apr2026 14:23:51.976] [Render thread/INFO] [mezz.jei.neoforge.startup.StartEventObserver/]: JEI StartEventObserver received class net.neoforged.neoforge.client.event.RecipesUpdatedEvent
[17apr2026 14:23:51.976] [Render thread/INFO] [mezz.jei.neoforge.startup.StartEventObserver/]: JEI StartEventObserver transitioning state from LISTENING to JEI_STARTED
[17apr2026 14:23:51.976] [Render thread/INFO] [mezz.jei.core.util.LoggedTimer/]: Starting JEI...
[17apr2026 14:23:51.981] [Render thread/INFO] [mezz.jei.library.load.PluginCaller/]: Registering item subtypes...
[17apr2026 14:23:51.984] [Render thread/INFO] [mezz.jei.library.load.PluginCaller/]: Registering item subtypes took 2.950 ms
[17apr2026 14:23:51.984] [Render thread/INFO] [mezz.jei.library.load.PluginCaller/]: Registering fluid subtypes...
[17apr2026 14:23:51.985] [Render thread/INFO] [mezz.jei.library.load.PluginCaller/]: Registering fluid subtypes took 1.266 ms
[17apr2026 14:23:51.986] [Render thread/INFO] [mezz.jei.library.load.PluginCaller/]: Registering ingredients...
[17apr2026 14:23:52.065] [Render thread/WARN] [mezz.jei.library.plugins.vanilla.ingredients.ItemStackListFactory/]: Item Group has no display items and no search tab display items. Items from this group will be missing from the JEI ingredient list. Operator Utilities
[17apr2026 14:23:52.075] [Render thread/INFO] [mezz.jei.library.load.PluginCallerTimerRunnable/]: Registering ingredients: jei:minecraft took 88.56 milliseconds
[17apr2026 14:23:52.076] [Render thread/INFO] [mezz.jei.library.load.PluginCaller/]: Registering ingredients took 89.32 ms
[17apr2026 14:23:52.080] [Render thread/INFO] [mezz.jei.library.load.PluginCaller/]: Registering Mod Info...
[17apr2026 14:23:52.081] [Render thread/INFO] [mezz.jei.library.load.PluginCaller/]: Registering Mod Info took 522.8 ?s
[17apr2026 14:23:52.100] [Render thread/INFO] [mezz.jei.library.load.PluginCaller/]: Registering categories...
[17apr2026 14:23:52.112] [Render thread/INFO] [mezz.jei.library.load.PluginCallerTimerRunnable/]: Registering categories: jei:minecraft took 11.47 milliseconds
[17apr2026 14:23:52.118] [Render thread/INFO] [mezz.jei.library.load.PluginCaller/]: Registering categories took 18.66 ms
[17apr2026 14:23:52.119] [Render thread/INFO] [mezz.jei.library.load.PluginCaller/]: Registering vanilla category extensions...
[17apr2026 14:23:52.121] [Render thread/INFO] [mezz.jei.library.load.PluginCaller/]: Registering vanilla category extensions took 1.490 ms
[17apr2026 14:23:52.122] [Render thread/INFO] [mezz.jei.library.load.PluginCaller/]: Registering recipe catalysts...
[17apr2026 14:23:52.123] [Render thread/INFO] [mezz.jei.library.load.PluginCaller/]: Registering recipe catalysts took 955.0 ?s
[17apr2026 14:23:52.124] [Render thread/INFO] [mezz.jei.library.load.PluginCaller/]: Registering advanced plugins...
[17apr2026 14:23:52.125] [Render thread/INFO] [mezz.jei.library.load.PluginCaller/]: Registering advanced plugins took 477.9 ?s
[17apr2026 14:23:52.125] [Render thread/INFO] [mezz.jei.core.util.LoggedTimer/]: Building recipe registry...
[17apr2026 14:23:52.138] [Render thread/INFO] [mezz.jei.core.util.LoggedTimer/]: Building recipe registry took 13.22 ms
[17apr2026 14:23:52.140] [Render thread/INFO] [mezz.jei.library.load.PluginCaller/]: Registering recipes...
[17apr2026 14:23:52.267] [Render thread/INFO] [mezz.jei.library.load.PluginCallerTimerRunnable/]: Registering recipes: jei:minecraft took 126.5 milliseconds
[17apr2026 14:23:52.288] [Render thread/INFO] [mezz.jei.library.load.PluginCallerTimerRunnable/]: Registering recipes: farmersdelight:jei_plugin took 21.23 milliseconds
[17apr2026 14:23:52.315] [Render thread/INFO] [mezz.jei.library.load.PluginCallerTimerRunnable/]: Registering recipes: jei:internal took 26.71 milliseconds
[17apr2026 14:23:52.315] [Render thread/INFO] [mezz.jei.library.load.PluginCaller/]: Registering recipes took 175.4 ms
[17apr2026 14:23:52.320] [Render thread/INFO] [mezz.jei.library.load.PluginCaller/]: Registering recipes transfer handlers...
[17apr2026 14:23:52.322] [Render thread/INFO] [mezz.jei.library.load.PluginCaller/]: Registering recipes transfer handlers took 2.363 ms
[17apr2026 14:23:52.329] [Render thread/INFO] [mezz.jei.core.util.LoggedTimer/]: Building runtime...
[17apr2026 14:23:52.333] [Render thread/INFO] [mezz.jei.library.load.PluginCaller/]: Registering gui handlers...
[17apr2026 14:23:52.339] [Render thread/INFO] [mezz.jei.library.load.PluginCaller/]: Registering gui handlers took 5.755 ms
[17apr2026 14:23:52.341] [Render thread/INFO] [mezz.jei.library.load.PluginCaller/]: Registering Runtime...
[17apr2026 14:23:52.343] [Render thread/INFO] [mezz.jei.gui.startup.JeiGuiStarter/]: Starting JEI GUI
[17apr2026 14:23:52.344] [Render thread/INFO] [mezz.jei.core.util.LoggedTimer/]: Building ingredient list...
[17apr2026 14:23:52.347] [Render thread/INFO] [mezz.jei.core.util.LoggedTimer/]: Building ingredient list took 3.757 ms
[17apr2026 14:23:52.348] [Render thread/INFO] [mezz.jei.core.util.LoggedTimer/]: Building ingredient filter...
[17apr2026 14:23:52.364] [Render thread/INFO] [mezz.jei.gui.ingredients.IngredientFilter/]: Adding 1899 ingredients
[17apr2026 14:23:52.585] [Render thread/INFO] [mezz.jei.gui.ingredients.IngredientFilter/]: Added 1899/1899 ingredients
[17apr2026 14:23:52.586] [Render thread/INFO] [mezz.jei.core.util.LoggedTimer/]: Building ingredient filter took 238.7 ms
[17apr2026 14:23:52.653] [Render thread/INFO] [mezz.jei.library.load.PluginCallerTimerRunnable/]: Registering Runtime: jei:neoforge_gui took 311.3 milliseconds
[17apr2026 14:23:52.653] [Render thread/INFO] [mezz.jei.library.load.PluginCaller/]: Registering Runtime took 311.9 ms
[17apr2026 14:23:52.654] [Render thread/INFO] [mezz.jei.core.util.LoggedTimer/]: Building runtime took 324.6 ms
[17apr2026 14:23:52.654] [Render thread/INFO] [mezz.jei.library.load.PluginCaller/]: Sending Runtime...
[17apr2026 14:23:52.654] [Render thread/INFO] [mezz.jei.library.load.PluginCaller/]: Sending Runtime took 481.5 ?s
[17apr2026 14:23:52.654] [Render thread/INFO] [mezz.jei.core.util.LoggedTimer/]: Starting JEI took 678.2 ms
[17apr2026 14:23:52.667] [Render thread/INFO] [net.minecraft.advancements.AdvancementTree/]: Loaded 75 advancements
[17apr2026 14:24:30.071] [Render thread/INFO] [net.minecraft.advancements.AdvancementTree/]: Loaded 79 advancements
[17apr2026 14:24:36.315] [Render thread/INFO] [net.minecraft.advancements.AdvancementTree/]: Loaded 90 advancements
[17apr2026 14:24:45.654] [Server thread/INFO] [net.minecraft.client.server.IntegratedServer/]: Saving and pausing game...
[17apr2026 14:24:45.673] [Server thread/INFO] [net.minecraft.server.MinecraftServer/]: Saving chunks for level 'ServerLevel[New World]'/minecraft:overworld
[17apr2026 14:24:45.693] [Server thread/INFO] [net.minecraft.server.MinecraftServer/]: Saving chunks for level 'ServerLevel[New World]'/minecraft:the_nether
[17apr2026 14:24:45.694] [Server thread/INFO] [net.minecraft.server.MinecraftServer/]: Saving chunks for level 'ServerLevel[New World]'/minecraft:the_end
[17apr2026 15:08:20.553] [Server thread/INFO] [net.minecraft.client.server.IntegratedServer/]: Saving and pausing game...
[17apr2026 15:08:20.574] [Server thread/INFO] [net.minecraft.server.MinecraftServer/]: Saving chunks for level 'ServerLevel[New World]'/minecraft:overworld
[17apr2026 15:08:20.603] [Server thread/INFO] [net.minecraft.server.MinecraftServer/]: Saving chunks for level 'ServerLevel[New World]'/minecraft:the_nether
[17apr2026 15:08:20.604] [Server thread/INFO] [net.minecraft.server.MinecraftServer/]: Saving chunks for level 'ServerLevel[New World]'/minecraft:the_end
[17apr2026 15:18:07.854] [Server thread/INFO] [net.minecraft.client.server.IntegratedServer/]: Saving and pausing game...
[17apr2026 15:18:07.866] [Server thread/INFO] [net.minecraft.server.MinecraftServer/]: Saving chunks for level 'ServerLevel[New World]'/minecraft:overworld
[17apr2026 15:18:07.885] [Server thread/INFO] [net.minecraft.server.MinecraftServer/]: Saving chunks for level 'ServerLevel[New World]'/minecraft:the_nether
[17apr2026 15:18:07.886] [Server thread/INFO] [net.minecraft.server.MinecraftServer/]: Saving chunks for level 'ServerLevel[New World]'/minecraft:the_end
[17apr2026 15:56:10.403] [Render thread/INFO] [net.minecraft.client.Minecraft/]: Stopping!
[17apr2026 15:56:10.423] [Render thread/INFO] [mezz.jei.neoforge.startup.StartEventObserver/]: JEI StartEventObserver received class net.neoforged.neoforge.client.event.ClientPlayerNetworkEvent$LoggingOut
[17apr2026 15:56:10.423] [Render thread/INFO] [mezz.jei.neoforge.startup.StartEventObserver/]: JEI StartEventObserver transitioning state from JEI_STARTED to LISTENING
[17apr2026 15:56:10.424] [Render thread/INFO] [mezz.jei.library.startup.JeiStarter/]: Stopping JEI
[17apr2026 15:56:10.425] [Render thread/INFO] [mezz.jei.library.load.PluginCaller/]: Sending Runtime Unavailable...
[17apr2026 15:56:10.427] [Render thread/INFO] [mezz.jei.neoforge.plugins.neoforge.NeoForgeGuiPlugin/]: Stopping JEI GUI
[17apr2026 15:56:10.432] [Render thread/INFO] [mezz.jei.library.load.PluginCaller/]: Sending Runtime Unavailable took 6.269 ms
[17apr2026 15:56:10.486] [Server thread/INFO] [net.minecraft.server.network.ServerGamePacketListenerImpl/]: Dev lost connection: Disconnected
[17apr2026 15:56:10.487] [Server thread/INFO] [net.minecraft.server.MinecraftServer/]: Dev left the game
[17apr2026 15:56:10.505] [Server thread/INFO] [net.minecraft.server.network.ServerCommonPacketListenerImpl/]: Stopping singleplayer server as player logged out
[17apr2026 15:56:10.538] [Server thread/INFO] [net.minecraft.server.MinecraftServer/]: Stopping server
[17apr2026 15:56:10.539] [Server thread/INFO] [net.minecraft.server.MinecraftServer/]: Saving players
[17apr2026 15:56:10.539] [Server thread/INFO] [net.minecraft.server.MinecraftServer/]: Saving worlds
[17apr2026 15:56:11.716] [Server thread/INFO] [net.minecraft.server.MinecraftServer/]: Saving chunks for level 'ServerLevel[New World]'/minecraft:overworld
[17apr2026 15:56:11.801] [Server thread/INFO] [net.minecraft.server.MinecraftServer/]: Saving chunks for level 'ServerLevel[New World]'/minecraft:the_nether
[17apr2026 15:56:11.807] [Server thread/INFO] [net.minecraft.server.MinecraftServer/]: Saving chunks for level 'ServerLevel[New World]'/minecraft:the_end
[17apr2026 15:56:11.824] [Server thread/INFO] [net.minecraft.server.MinecraftServer/]: ThreadedAnvilChunkStorage (New World): All chunks are saved
[17apr2026 15:56:11.824] [Server thread/INFO] [net.minecraft.server.MinecraftServer/]: ThreadedAnvilChunkStorage (DIM-1): All chunks are saved
[17apr2026 15:56:11.824] [Server thread/INFO] [net.minecraft.server.MinecraftServer/]: ThreadedAnvilChunkStorage (DIM1): All chunks are saved
[17apr2026 15:56:11.825] [Server thread/INFO] [net.minecraft.server.MinecraftServer/]: ThreadedAnvilChunkStorage: All dimensions are saved
